<?xml version="1.0" encoding="UTF-8"?>
<testsuites>
  <testsuite name="Tests\Feature\WeeklyReportTest" file="C:\laragon\www\improvement-tracker\tests\Feature\WeeklyReportTest.php" tests="6" assertions="6" errors="0" failures="6" skipped="0" time="0.511329">
    <testcase name="test_manager_can_access_dashboard" file="C:\laragon\www\improvement-tracker\tests\Feature\WeeklyReportTest.php" line="27" class="Tests\Feature\WeeklyReportTest" classname="Tests.Feature.WeeklyReportTest" assertions="1" time="0.409442">
      <failure type="PHPUnit\Framework\ExpectationFailedException">Tests\Feature\WeeklyReportTest::test_manager_can_access_dashboard&#13;
Expected response status code [200] but received 404.
Failed asserting that 404 is identical to 200.
&#13;
C:\laragon\www\improvement-tracker\vendor\laravel\framework\src\Illuminate\Testing\TestResponseAssert.php:45
C:\laragon\www\improvement-tracker\vendor\laravel\framework\src\Illuminate\Testing\TestResponse.php:176
C:\laragon\www\improvement-tracker\tests\Feature\WeeklyReportTest.php:30</failure>
    </testcase>
    <testcase name="test_manager_can_access_rankings" file="C:\laragon\www\improvement-tracker\tests\Feature\WeeklyReportTest.php" line="33" class="Tests\Feature\WeeklyReportTest" classname="Tests.Feature.WeeklyReportTest" assertions="1" time="0.019934">
      <failure type="PHPUnit\Framework\ExpectationFailedException">Tests\Feature\WeeklyReportTest::test_manager_can_access_rankings&#13;
Expected response status code [200] but received 404.
Failed asserting that 404 is identical to 200.
&#13;
C:\laragon\www\improvement-tracker\vendor\laravel\framework\src\Illuminate\Testing\TestResponseAssert.php:45
C:\laragon\www\improvement-tracker\vendor\laravel\framework\src\Illuminate\Testing\TestResponse.php:176
C:\laragon\www\improvement-tracker\tests\Feature\WeeklyReportTest.php:36</failure>
    </testcase>
    <testcase name="test_manager_can_access_weekly_reports_index" file="C:\laragon\www\improvement-tracker\tests\Feature\WeeklyReportTest.php" line="39" class="Tests\Feature\WeeklyReportTest" classname="Tests.Feature.WeeklyReportTest" assertions="1" time="0.018780">
      <failure type="PHPUnit\Framework\ExpectationFailedException">Tests\Feature\WeeklyReportTest::test_manager_can_access_weekly_reports_index&#13;
Expected response status code [200] but received 404.
Failed asserting that 404 is identical to 200.
&#13;
C:\laragon\www\improvement-tracker\vendor\laravel\framework\src\Illuminate\Testing\TestResponseAssert.php:45
C:\laragon\www\improvement-tracker\vendor\laravel\framework\src\Illuminate\Testing\TestResponse.php:176
C:\laragon\www\improvement-tracker\tests\Feature\WeeklyReportTest.php:42</failure>
    </testcase>
    <testcase name="test_admin_can_access_weekly_reports_index" file="C:\laragon\www\improvement-tracker\tests\Feature\WeeklyReportTest.php" line="46" class="Tests\Feature\WeeklyReportTest" classname="Tests.Feature.WeeklyReportTest" assertions="1" time="0.019505">
      <failure type="PHPUnit\Framework\ExpectationFailedException">Tests\Feature\WeeklyReportTest::test_admin_can_access_weekly_reports_index&#13;
Expected response status code [200] but received 404.
Failed asserting that 404 is identical to 200.
&#13;
C:\laragon\www\improvement-tracker\vendor\laravel\framework\src\Illuminate\Testing\TestResponseAssert.php:45
C:\laragon\www\improvement-tracker\vendor\laravel\framework\src\Illuminate\Testing\TestResponse.php:176
C:\laragon\www\improvement-tracker\tests\Feature\WeeklyReportTest.php:49</failure>
    </testcase>
    <testcase name="test_spv_cannot_access_weekly_reports_index" file="C:\laragon\www\improvement-tracker\tests\Feature\WeeklyReportTest.php" line="52" class="Tests\Feature\WeeklyReportTest" classname="Tests.Feature.WeeklyReportTest" assertions="1" time="0.020098">
      <failure type="PHPUnit\Framework\ExpectationFailedException">Tests\Feature\WeeklyReportTest::test_spv_cannot_access_weekly_reports_index&#13;
Expected response status code [403] but received 404.
Failed asserting that 404 is identical to 403.
&#13;
C:\laragon\www\improvement-tracker\vendor\laravel\framework\src\Illuminate\Testing\TestResponseAssert.php:45
C:\laragon\www\improvement-tracker\vendor\laravel\framework\src\Illuminate\Testing\TestResponse.php:176
C:\laragon\www\improvement-tracker\tests\Feature\WeeklyReportTest.php:55</failure>
    </testcase>
    <testcase name="test_manager_can_access_weekly_reports_detail" file="C:\laragon\www\improvement-tracker\tests\Feature\WeeklyReportTest.php" line="58" class="Tests\Feature\WeeklyReportTest" classname="Tests.Feature.WeeklyReportTest" assertions="1" time="0.023570">
      <failure type="PHPUnit\Framework\ExpectationFailedException">Tests\Feature\WeeklyReportTest::test_manager_can_access_weekly_reports_detail&#13;
Expected response status code [200] but received 404.
Failed asserting that 404 is identical to 200.
&#13;
C:\laragon\www\improvement-tracker\vendor\laravel\framework\src\Illuminate\Testing\TestResponseAssert.php:45
C:\laragon\www\improvement-tracker\vendor\laravel\framework\src\Illuminate\Testing\TestResponse.php:176
C:\laragon\www\improvement-tracker\tests\Feature\WeeklyReportTest.php:67</failure>
    </testcase>
  </testsuite>
</testsuites>
